// Jest Snapshot v1, https://goo.gl/fbAQLP

exports[`<AuthForm /> matches snapshot 1`] = `
<View
  pointerEvents="box-none"
  style={
    Object {
      "flex": 1,
    }
  }
>
  <View
    collapsable={true}
    pointerEvents="box-none"
    style={
      Object {
        "flex": 1,
      }
    }
  >
    <View
      style={
        Object {
          "flex": 1,
        }
      }
    >
      <View>
        <View
          style={
            Object {
              "marginVertical": 6,
            }
          }
        >
          <View
            style={
              Array [
                Object {
                  "backgroundColor": "#F7F9FC",
                  "borderColor": "#E4E9F2",
                  "borderRadius": 4,
                  "borderWidth": 1,
                  "minHeight": 48,
                  "paddingHorizontal": 8,
                  "paddingVertical": 11,
                },
                Object {
                  "alignItems": "center",
                  "flexDirection": "row",
                  "width": "100%",
                },
              ]
            }
          >
            <TextInput
              allowFontScaling={true}
              appearance="default"
              autoFocus={true}
              editable={true}
              keyboardType="email-address"
              placeholder="Email"
              placeholderTextColor="#8F9BB3"
              rejectResponderTermination={true}
              size="large"
              status="basic"
              style={
                Array [
                  Object {
                    "color": "#222B45",
                    "fontFamily": "System",
                    "fontSize": 15,
                    "fontWeight": "normal",
                    "marginHorizontal": 8,
                  },
                  Object {
                    "flexBasis": "auto",
                    "flexGrow": 1,
                    "flexShrink": 1,
                  },
                  null,
                  undefined,
                ]
              }
              underlineColorAndroid="transparent"
              value=""
            />
          </View>
          <View
            style={
              Array [
                Object {
                  "marginTop": 4,
                },
                Object {
                  "alignItems": "center",
                  "flexDirection": "row",
                },
              ]
            }
          />
        </View>
        <View
          style={
            Object {
              "marginVertical": 6,
            }
          }
        >
          <View
            style={
              Array [
                Object {
                  "backgroundColor": "#F7F9FC",
                  "borderColor": "#E4E9F2",
                  "borderRadius": 4,
                  "borderWidth": 1,
                  "minHeight": 48,
                  "paddingHorizontal": 8,
                  "paddingVertical": 11,
                },
                Object {
                  "alignItems": "center",
                  "flexDirection": "row",
                  "width": "100%",
                },
              ]
            }
          >
            <TextInput
              allowFontScaling={true}
              appearance="default"
              editable={true}
              placeholder="Password"
              placeholderTextColor="#8F9BB3"
              rejectResponderTermination={true}
              secureTextEntry={true}
              size="large"
              status="basic"
              style={
                Array [
                  Object {
                    "color": "#222B45",
                    "fontFamily": "System",
                    "fontSize": 15,
                    "fontWeight": "normal",
                    "marginHorizontal": 8,
                  },
                  Object {
                    "flexBasis": "auto",
                    "flexGrow": 1,
                    "flexShrink": 1,
                  },
                  null,
                  undefined,
                ]
              }
              underlineColorAndroid="transparent"
              value=""
            />
          </View>
          <View
            style={
              Array [
                Object {
                  "marginTop": 4,
                },
                Object {
                  "alignItems": "center",
                  "flexDirection": "row",
                },
              ]
            }
          />
        </View>
        <TouchableOpacity
          activeOpacity={1}
          appearance="filled"
          disabled={true}
          size="medium"
          status="primary"
          style={
            Array [
              undefined,
              Array [
                Object {
                  "backgroundColor": "rgba(143, 155, 179, 0.24)",
                  "borderColor": "rgba(143, 155, 179, 0.24)",
                  "borderRadius": 4,
                  "borderWidth": 1,
                  "minHeight": 40,
                  "minWidth": 40,
                  "paddingHorizontal": 10,
                  "paddingVertical": 12,
                },
                Object {
                  "alignItems": "center",
                  "flexDirection": "row",
                  "justifyContent": "center",
                },
                Array [
                  Object {
                    "marginVertical": 10,
                  },
                  undefined,
                ],
              ],
            ]
          }
        >
          <Text
            appearance="default"
            category="p1"
            style={
              Array [
                Object {
                  "color": "#222B45",
                  "fontFamily": "System",
                  "fontSize": 15,
                  "fontWeight": "400",
                },
                Object {
                  "color": "rgba(143, 155, 179, 0.48)",
                  "fontFamily": "System",
                  "fontSize": 14,
                  "fontWeight": "bold",
                  "marginHorizontal": 10,
                },
              ]
            }
          >
            <Text
              appearance="default"
              category="p1"
              style={
                Array [
                  Object {
                    "color": "#222B45",
                    "fontFamily": "System",
                    "fontSize": 15,
                    "fontWeight": "400",
                  },
                  undefined,
                ]
              }
            >
              Test
            </Text>
          </Text>
        </TouchableOpacity>
      </View>
    </View>
  </View>
</View>
`;
